
There are no discarded input sections

Memory Configuration

Name             Origin             Length             Attributes
FLASH            0x08000000         0x00020000         xr
RAM              0x20000000         0x00005000         xrw
*default*        0x00000000         0xffffffff

Linker script and memory map

LOAD src/main.o
LOAD src/stm32_startup.o

.text           0x08000000       0x1c
 *(.vectors)
 *(.text*)
 .text          0x08000000        0x8 src/main.o
                0x08000000                main
 .text          0x08000008       0x14 src/stm32_startup.o
                0x08000008                EXTI2_IRQHandler
                0x08000008                SVCall_Handler
                0x08000008                DMA1_C3_IRQHandler
                0x08000008                EXIT9_5_IRQHandler
                0x08000008                DMA1_C4_IRQHandler
                0x08000008                TIM1_CC_IRQHandler
                0x08000008                HardFault_Handler
                0x08000008                TIM6_IRQHandler
                0x08000008                SysTick_Handler
                0x08000008                PVD_IRQHandler
                0x08000008                PendSV_Handler
                0x08000008                CAN2_RX1_IRQHandler
                0x08000008                EXTI3_IRQHandler
                0x08000008                NMI_handler
                0x08000008                MemManager_Handler
                0x08000008                EXTI0_IRQHandler
                0x08000008                I2C2_EV_IRQHandler
                0x08000008                CAN1_RX0_IRQHandler
                0x08000008                UsageFault_Handler
                0x08000008                CAN2_SCE_IRQHandler
                0x08000008                ADC1_2_IRQHandler
                0x08000008                SPI1_IRQHandler
                0x08000008                TAMPER_IRQHandler
                0x08000008                CAN2_RX0_IRQHandler
                0x08000008                DMA2_Channel2_IRQHandler
                0x08000008                USART3_IRQHandler
                0x08000008                RTC_IRQHandler
                0x08000008                DMA1_C7_IRQHandler
                0x08000008                CAN1_RX1_IRQHandler
                0x08000008                UART5_IRQHandler
                0x08000008                TIM4_IRQHandler
                0x08000008                DMA2_Channel1_IRQHandler
                0x08000008                I2C1_EV_IRQHandler
                0x08000008                UART4_IRQHandler
                0x08000008                DMA2_Channel4_IRQHandler
                0x08000008                TIM3_IRQHandler
                0x08000008                RCC_IRQHandler
                0x08000008                TIM1_TRG_COM_IRQHandler
                0x08000008                Default_Handler
                0x08000008                EXTI15_10_IRQHandler
                0x08000008                TIM7_IRQHandler
                0x08000008                CAN2_TX_IRQHandler
                0x08000008                TIM5_IRQHandler
                0x08000008                DMA1_C1_IRQHandler
                0x08000008                ETH_WKUP_IRQHandler
                0x08000008                SPI2_IRQHandler
                0x08000008                CAN1_TX_IRQHandler
                0x08000008                DMA2_Channel5_IRQHandler
                0x08000008                EXTI4_IRQHandler
                0x08000008                ETH_IRQHandler
                0x08000008                TIM1_UP_IRQHandler
                0x08000008                WWDG_IRQHandler
                0x08000008                TIM2_IRQHandler
                0x08000008                OTG_FS_WKUP_IRQHandler
                0x08000008                TIM1_BRK_IRQHandler
                0x08000008                EXTI1_IRQHandler
                0x08000008                RTCAlarm_IRQHandler
                0x08000008                USART2_IRQHandler
                0x08000008                I2C2_ER_IRQHandler
                0x08000008                CAN1_SCE_IRQHandler
                0x08000008                FLASH_IRQHandler
                0x08000008                DMA1_C2_IRQHandler
                0x08000008                BusFault_Handler
                0x08000008                USART1_IRQHandler
                0x08000008                OTG_FS_IRQHandler
                0x08000008                DMA1_C5_IRQHandler
                0x08000008                I2C1_ER_IRQHandler
                0x08000008                DebugMonitor_Handler
                0x08000008                DMA1_C6_IRQHandler
                0x08000008                DMA2_Channel3_IRQHandler
                0x08000010                Reset_Handler
 *(.rodata*)
                0x0800001c                        . = ALIGN (0x4)
                0x0800001c                        _etext = .

.glue_7         0x0800001c        0x0
 .glue_7        0x0800001c        0x0 linker stubs

.glue_7t        0x0800001c        0x0
 .glue_7t       0x0800001c        0x0 linker stubs

.vfp11_veneer   0x0800001c        0x0
 .vfp11_veneer  0x0800001c        0x0 linker stubs

.v4_bx          0x0800001c        0x0
 .v4_bx         0x0800001c        0x0 linker stubs

.iplt           0x0800001c        0x0
 .iplt          0x0800001c        0x0 src/stm32_startup.o

.rel.dyn        0x0800001c        0x0
 .rel.iplt      0x0800001c        0x0 src/stm32_startup.o

.data           0x20000000        0x0 load address 0x0800001c
                0x20000000                        _sdata = .
 *(.data*)
 .data          0x20000000        0x0 src/main.o
 .data          0x20000000        0x0 src/stm32_startup.o
                0x20000000                        . = ALIGN (0x4)
                0x20000000                        _edata = .

.isr_vector     0x20000000      0x158 load address 0x0800001c
 .isr_vector    0x20000000      0x158 src/stm32_startup.o
                0x20000000                vectors

.igot.plt       0x20000158        0x0 load address 0x08000174
 .igot.plt      0x20000158        0x0 src/stm32_startup.o

.bss            0x20000158        0x0 load address 0x08000174
                0x20000158                        _sbss = .
 *(.bss*)
 .bss           0x20000158        0x0 src/main.o
 .bss           0x20000158        0x0 src/stm32_startup.o
                0x20000158                        . = ALIGN (0x4)
 *(COMMON)
                0x20000158                        . = ALIGN (0x4)
                0x20000158                        _ebss = .
OUTPUT(final.elf elf32-littlearm)
LOAD linker stubs

.comment        0x00000000       0x45
 .comment       0x00000000       0x45 src/main.o
                                 0x46 (size before relaxing)
 .comment       0x00000045       0x46 src/stm32_startup.o

.ARM.attributes
                0x00000000       0x2d
 .ARM.attributes
                0x00000000       0x2d src/main.o
 .ARM.attributes
                0x0000002d       0x2d src/stm32_startup.o
