
Memory Configuration

Name             Origin             Length             Attributes
FLASH            0x08000000         0x00020000         xr
RAM              0x20000000         0x00005000         xrw
*default*        0x00000000         0xffffffff

Linker script and memory map

LOAD build/main.o
LOAD build/stm32f103rb_startup.o
LOAD build/gpio_stm32f103rb.o
LOAD build/rcc_stm32f103rb.o
LOAD build/gpio_driver.o

.text           0x08000000      0x4b0
 *(.isr_vector)
 .isr_vector    0x08000000      0x158 build/stm32f103rb_startup.o
                0x08000000                vectors
 *(.text)
 .text          0x08000158       0x48 build/main.o
                0x08000158                main
 .text          0x080001a0       0x90 build/stm32f103rb_startup.o
                0x080001a0                EXTI2_IRQHandler
                0x080001a0                SVCall_Handler
                0x080001a0                DMA1_C3_IRQHandler
                0x080001a0                EXIT9_5_IRQHandler
                0x080001a0                DMA1_C4_IRQHandler
                0x080001a0                TIM1_CC_IRQHandler
                0x080001a0                HardFault_Handler
                0x080001a0                TIM6_IRQHandler
                0x080001a0                SysTick_Handler
                0x080001a0                PVD_IRQHandler
                0x080001a0                PendSV_Handler
                0x080001a0                CAN2_RX1_IRQHandler
                0x080001a0                EXTI3_IRQHandler
                0x080001a0                NMI_handler
                0x080001a0                MemManager_Handler
                0x080001a0                EXTI0_IRQHandler
                0x080001a0                I2C2_EV_IRQHandler
                0x080001a0                CAN1_RX0_IRQHandler
                0x080001a0                UsageFault_Handler
                0x080001a0                CAN2_SCE_IRQHandler
                0x080001a0                ADC1_2_IRQHandler
                0x080001a0                SPI1_IRQHandler
                0x080001a0                TAMPER_IRQHandler
                0x080001a0                CAN2_RX0_IRQHandler
                0x080001a0                DMA2_Channel2_IRQHandler
                0x080001a0                USART3_IRQHandler
                0x080001a0                RTC_IRQHandler
                0x080001a0                DMA1_C7_IRQHandler
                0x080001a0                CAN1_RX1_IRQHandler
                0x080001a0                UART5_IRQHandler
                0x080001a0                TIM4_IRQHandler
                0x080001a0                DMA2_Channel1_IRQHandler
                0x080001a0                I2C1_EV_IRQHandler
                0x080001a0                UART4_IRQHandler
                0x080001a0                DMA2_Channel4_IRQHandler
                0x080001a0                TIM3_IRQHandler
                0x080001a0                RCC_IRQHandler
                0x080001a0                TIM1_TRG_COM_IRQHandler
                0x080001a0                Default_Handler
                0x080001a0                EXTI15_10_IRQHandler
                0x080001a0                TIM7_IRQHandler
                0x080001a0                CAN2_TX_IRQHandler
                0x080001a0                TIM5_IRQHandler
                0x080001a0                DMA1_C1_IRQHandler
                0x080001a0                ETH_WKUP_IRQHandler
                0x080001a0                SPI2_IRQHandler
                0x080001a0                CAN1_TX_IRQHandler
                0x080001a0                DMA2_Channel5_IRQHandler
                0x080001a0                EXTI4_IRQHandler
                0x080001a0                ETH_IRQHandler
                0x080001a0                TIM1_UP_IRQHandler
                0x080001a0                WWDG_IRQHandler
                0x080001a0                TIM2_IRQHandler
                0x080001a0                OTG_FS_WKUP_IRQHandler
                0x080001a0                TIM1_BRK_IRQHandler
                0x080001a0                EXTI1_IRQHandler
                0x080001a0                RTCAlarm_IRQHandler
                0x080001a0                USART2_IRQHandler
                0x080001a0                I2C2_ER_IRQHandler
                0x080001a0                CAN1_SCE_IRQHandler
                0x080001a0                FLASH_IRQHandler
                0x080001a0                DMA1_C2_IRQHandler
                0x080001a0                BusFault_Handler
                0x080001a0                USART1_IRQHandler
                0x080001a0                OTG_FS_IRQHandler
                0x080001a0                DMA1_C5_IRQHandler
                0x080001a0                I2C1_ER_IRQHandler
                0x080001a0                DebugMonitor_Handler
                0x080001a0                DMA1_C6_IRQHandler
                0x080001a0                DMA2_Channel3_IRQHandler
                0x080001a6                Reset_Handler
 .text          0x08000230      0x228 build/gpio_stm32f103rb.o
                0x08000230                hal_to_stm32_mode
                0x08000266                hal_to_stm32_cnf
                0x08000290                hal_to_stm32_port
                0x080002e4                gpio_init
                0x080003a0                gpio_toggle
                0x080003d4                gpio_write
                0x0800041c                gpio_read
 .text          0x08000458       0x54 build/rcc_stm32f103rb.o
                0x08000458                rcc_peripheral_enable
 .text          0x080004ac        0x0 build/gpio_driver.o
 *(.rodata)
 .rodata        0x080004ac        0x3 build/main.o
                0x080004b0                . = ALIGN (0x4)
 *fill*         0x080004af        0x1 
                0x080004b0                _etext = .

.glue_7         0x080004b0        0x0
 .glue_7        0x080004b0        0x0 linker stubs

.glue_7t        0x080004b0        0x0
 .glue_7t       0x080004b0        0x0 linker stubs

.vfp11_veneer   0x080004b0        0x0
 .vfp11_veneer  0x080004b0        0x0 linker stubs

.v4_bx          0x080004b0        0x0
 .v4_bx         0x080004b0        0x0 linker stubs

.iplt           0x080004b0        0x0
 .iplt          0x080004b0        0x0 build/main.o

.rel.dyn        0x080004b0        0x0
 .rel.iplt      0x080004b0        0x0 build/main.o

.data           0x20000000        0x0 load address 0x080004b0
                0x20000000                _sdata = .
 *(.data)
 .data          0x20000000        0x0 build/main.o
 .data          0x20000000        0x0 build/stm32f103rb_startup.o
 .data          0x20000000        0x0 build/gpio_stm32f103rb.o
 .data          0x20000000        0x0 build/rcc_stm32f103rb.o
 .data          0x20000000        0x0 build/gpio_driver.o
                0x20000000                . = ALIGN (0x4)
                0x20000000                _edata = .

.igot.plt       0x20000000        0x0 load address 0x080004b0
 .igot.plt      0x20000000        0x0 build/main.o

.bss            0x20000000        0x4 load address 0x080004b0
                0x20000000                _sbss = .
                0x20000000                __bss_start__ = _sbss
 *(.bss)
 .bss           0x20000000        0x0 build/main.o
 .bss           0x20000000        0x0 build/stm32f103rb_startup.o
 .bss           0x20000000        0x0 build/gpio_stm32f103rb.o
 .bss           0x20000000        0x0 build/rcc_stm32f103rb.o
 .bss           0x20000000        0x4 build/gpio_driver.o
                0x20000000                i
 *(COMMON)
                0x20000004                . = ALIGN (0x4)
                0x20000004                _ebss = .
                0x20000004                __bss_end__ = _ebss
OUTPUT(build/final.elf elf32-littlearm)
LOAD linker stubs

.debug_info     0x00000000      0xab0
 .debug_info    0x00000000      0x1ff build/main.o
 .debug_info    0x000001ff      0x188 build/stm32f103rb_startup.o
 .debug_info    0x00000387      0x4a4 build/gpio_stm32f103rb.o
 .debug_info    0x0000082b      0x211 build/rcc_stm32f103rb.o
 .debug_info    0x00000a3c       0x74 build/gpio_driver.o

.debug_abbrev   0x00000000      0x433
 .debug_abbrev  0x00000000       0xe3 build/main.o
 .debug_abbrev  0x000000e3       0xe6 build/stm32f103rb_startup.o
 .debug_abbrev  0x000001c9      0x15d build/gpio_stm32f103rb.o
 .debug_abbrev  0x00000326       0xd4 build/rcc_stm32f103rb.o
 .debug_abbrev  0x000003fa       0x39 build/gpio_driver.o

.debug_aranges  0x00000000       0x98
 .debug_aranges
                0x00000000       0x20 build/main.o
 .debug_aranges
                0x00000020       0x20 build/stm32f103rb_startup.o
 .debug_aranges
                0x00000040       0x20 build/gpio_stm32f103rb.o
 .debug_aranges
                0x00000060       0x20 build/rcc_stm32f103rb.o
 .debug_aranges
                0x00000080       0x18 build/gpio_driver.o

.debug_line     0x00000000      0x6c0
 .debug_line    0x00000000       0x8e build/main.o
 .debug_line    0x0000008e      0x1a2 build/stm32f103rb_startup.o
 .debug_line    0x00000230      0x289 build/gpio_stm32f103rb.o
 .debug_line    0x000004b9      0x1d0 build/rcc_stm32f103rb.o
 .debug_line    0x00000689       0x37 build/gpio_driver.o

.debug_str      0x00000000      0x4b2
 .debug_str     0x00000000      0x216 build/main.o
                                0x285 (size before relaxing)
 .debug_str     0x00000216       0x99 build/stm32f103rb_startup.o
                                0x1f5 (size before relaxing)
 .debug_str     0x000002af      0x16d build/gpio_stm32f103rb.o
                                0x411 (size before relaxing)
 .debug_str     0x0000041c       0x7f build/rcc_stm32f103rb.o
                                0x233 (size before relaxing)
 .debug_str     0x0000049b       0x17 build/gpio_driver.o
                                0x162 (size before relaxing)

.comment        0x00000000       0x49
 .comment       0x00000000       0x49 build/main.o
                                 0x4a (size before relaxing)
 .comment       0x00000049       0x4a build/stm32f103rb_startup.o
 .comment       0x00000049       0x4a build/gpio_stm32f103rb.o
 .comment       0x00000049       0x4a build/rcc_stm32f103rb.o
 .comment       0x00000049       0x4a build/gpio_driver.o

.ARM.attributes
                0x00000000       0x2d
 .ARM.attributes
                0x00000000       0x2d build/main.o
 .ARM.attributes
                0x0000002d       0x2d build/stm32f103rb_startup.o
 .ARM.attributes
                0x0000005a       0x2d build/gpio_stm32f103rb.o
 .ARM.attributes
                0x00000087       0x2d build/rcc_stm32f103rb.o
 .ARM.attributes
                0x000000b4       0x2d build/gpio_driver.o

.debug_frame    0x00000000      0x1c8
 .debug_frame   0x00000000       0x30 build/main.o
 .debug_frame   0x00000030       0x4c build/stm32f103rb_startup.o
 .debug_frame   0x0000007c      0x118 build/gpio_stm32f103rb.o
 .debug_frame   0x00000194       0x34 build/rcc_stm32f103rb.o
